[{"stream_name":"stdout","time":0.714957344,"data":"$ nvidia-smi --query-gpu=name,memory.total --format=csv,noheader\n"}
,{"stream_name":"stdout","time":0.750613732,"data":"Tesla T4, 15360 MiB\n"}
,{"stream_name":"stdout","time":0.750637962,"data":"Tesla T4, 15360 MiB\n"}
,{"stream_name":"stdout","time":0.757440298,"data":"$ apt-get install -y -qq zstd\n"}
,{"stream_name":"stdout","time":28.608252161,"data":"Selecting previously unselected package zstd.\r\n"}
,{"stream_name":"stdout","time":29.208224659,"data":"(Reading database ... \r(Reading database ... 5%\r(Reading database ... 10%\r(Reading database ... 15%\r(Reading database ... 20%\r(Reading database ... 25%\r(Reading database ... 30%\r(Reading database ... 35%\r(Reading database ... 40%\r(Reading database ... 45%\r(Reading database ... 50%\r(Reading database ... 55%\r(Reading database ... 60%\r(Reading database ... 65%\r(Reading database ... 70%\r(Reading database ... 75%\r(Reading database ... 80%\r(Reading database ... 85%\r(Reading database ... 90%\r(Reading database ... 95%\r(Reading database ... 100%\r(Reading database ... 129802 files and directories currently installed.)\r\n"}
,{"stream_name":"stdout","time":29.212782534,"data":"Preparing to unpack .../zstd_1.5.5+dfsg2-2build1.1_amd64.deb ...\r\n"}
,{"stream_name":"stdout","time":29.222592727,"data":"Unpacking zstd (1.5.5+dfsg2-2build1.1) ...\r\n"}
,{"stream_name":"stdout","time":29.373246452,"data":"Setting up zstd (1.5.5+dfsg2-2build1.1) ...\r\n"}
,{"stream_name":"stdout","time":29.402976547,"data":"Processing triggers for man-db (2.12.0-4build2) ...\r\n"}
,{"stream_name":"stdout","time":31.487014498,"data":"$ /usr/bin/python3 -m pip install -q stable-worldmodel[train,format]==0.1.1 stable-pretraining==0.1.8 transformers==4.57.6 hydra-core\n"}
,{"stream_name":"stdout","time":34.481626838,"data":"     ━━━━━━━━━━━━━━━━━━━━━━━━━━━━━━━━━━━━━━━━ 59.2/59.2 kB 2.6 MB/s eta 0:00:00\n"}
,{"stream_name":"stdout","time":34.649217032,"data":"     ━━━━━━━━━━━━━━━━━━━━━━━━━━━━━━━━━━━━━━━━ 44.0/44.0 kB 2.0 MB/s eta 0:00:00\n"}
,{"stream_name":"stdout","time":35.478185656,"data":"     ━━━━━━━━━━━━━━━━━━━━━━━━━━━━━━━━━━━━━━━━ 45.0/45.0 kB 2.7 MB/s eta 0:00:00\n"}
,{"stream_name":"stdout","time":39.019014552,"data":"   ━━━━━━━━━━━━━━━━━━━━━━━━━━━━━━━━━━━━━━━━ 305.8/305.8 kB 14.5 MB/s eta 0:00:00\n"}
,{"stream_name":"stdout","time":39.05079431,"data":"   ━━━━━━━━━━━━━━━━━━━━━━━━━━━━━━━━━━━━━━━━ 1.0/1.0 MB 41.8 MB/s eta 0:00:00\n"}
,{"stream_name":"stdout","time":39.160140437,"data":"   ━━━━━━━━━━━━━━━━━━━━━━━━━━━━━━━━━━━━━━━━ 12.0/12.0 MB 109.1 MB/s eta 0:00:00\n"}
,{"stream_name":"stdout","time":39.213186928,"data":"   ━━━━━━━━━━━━━━━━━━━━━━━━━━━━━━━━━━━━━━━━ 168.8/168.8 kB 8.7 MB/s eta 0:00:00\n"}
,{"stream_name":"stdout","time":39.241581731,"data":"   ━━━━━━━━━━━━━━━━━━━━━━━━━━━━━━━━━━━━━━━━ 566.4/566.4 kB 26.8 MB/s eta 0:00:00\n"}
,{"stream_name":"stdout","time":40.693980768,"data":"   ━━━━━━━━━━━━━━━━━━━━━━━━━━━━━━━━━━━━━━━━ 75.2/75.2 MB 26.3 MB/s eta 0:00:00\n"}
,{"stream_name":"stdout","time":40.725445429,"data":"   ━━━━━━━━━━━━━━━━━━━━━━━━━━━━━━━━━━━━━━━━ 849.3/849.3 kB 35.3 MB/s eta 0:00:00\n"}
,{"stream_name":"stdout","time":40.748889055,"data":"   ━━━━━━━━━━━━━━━━━━━━━━━━━━━━━━━━━━━━━━━━ 56.7/56.7 kB 2.9 MB/s eta 0:00:00\n"}
,{"stream_name":"stdout","time":42.494558938,"data":"   ━━━━━━━━━━━━━━━━━━━━━━━━━━━━━━━━━━━━━━━━ 83.2/83.2 MB 23.8 MB/s eta 0:00:00\n"}
,{"stream_name":"stdout","time":42.594351729,"data":"   ━━━━━━━━━━━━━━━━━━━━━━━━━━━━━━━━━━━━━━━━ 9.1/9.1 MB 99.0 MB/s eta 0:00:00\n"}
,{"stream_name":"stdout","time":42.638609753,"data":"   ━━━━━━━━━━━━━━━━━━━━━━━━━━━━━━━━━━━━━━━━ 3.3/3.3 MB 89.2 MB/s eta 0:00:00\n"}
,{"stream_name":"stdout","time":42.792780697,"data":"   ━━━━━━━━━━━━━━━━━━━━━━━━━━━━━━━━━━━━━━━━ 13.6/13.6 MB 88.5 MB/s eta 0:00:00\n"}
,{"stream_name":"stdout","time":43.289574308,"data":"   ━━━━━━━━━━━━━━━━━━━━━━━━━━━━━━━━━━━━━━━━ 46.4/46.4 MB 41.9 MB/s eta 0:00:00\n"}
,{"stream_name":"stdout","time":43.329428105,"data":"   ━━━━━━━━━━━━━━━━━━━━━━━━━━━━━━━━━━━━━━━━ 76.0/76.0 kB 4.2 MB/s eta 0:00:00\n"}
,{"stream_name":"stdout","time":43.351190168,"data":"   ━━━━━━━━━━━━━━━━━━━━━━━━━━━━━━━━━━━━━━━━ 61.6/61.6 kB 3.4 MB/s eta 0:00:00\n"}
,{"stream_name":"stdout","time":43.377390757,"data":"   ━━━━━━━━━━━━━━━━━━━━━━━━━━━━━━━━━━━━━━━━ 70.8/70.8 kB 3.3 MB/s eta 0:00:00\n"}
,{"stream_name":"stdout","time":43.424543187,"data":"   ━━━━━━━━━━━━━━━━━━━━━━━━━━━━━━━━━━━━━━━━ 74.8/74.8 kB 3.2 MB/s eta 0:00:00\n"}
,{"stream_name":"stdout","time":43.474564801,"data":"   ━━━━━━━━━━━━━━━━━━━━━━━━━━━━━━━━━━━━━━━━ 406.3/406.3 kB 16.6 MB/s eta 0:00:00\n"}
,{"stream_name":"stderr","time":71.109912766,"data":"ERROR: pip's dependency resolver does not currently take into account all the packages that are installed. This behaviour is the source of the following dependency conflicts.\n"}
,{"stream_name":"stderr","time":71.10995592,"data":"gradio 6.26.0 requires huggingface-hub\u003c2.0,\u003e=1.16.0, but you have huggingface-hub 0.36.2 which is incompatible.\n"}
,{"stream_name":"stderr","time":71.109964385,"data":"diffusers 0.40.0 requires huggingface-hub\u003c2.0,\u003e=1.23.0, but you have huggingface-hub 0.36.2 which is incompatible.\n"}
,{"stream_name":"stdout","time":73.53753347,"data":"$ git clone --quiet --no-checkout https://github.com/lucas-maes/le-wm.git /kaggle/tmp/exp19/le-wm\n"}
,{"stream_name":"stdout","time":74.577071867,"data":"$ git -C /kaggle/tmp/exp19/le-wm checkout --quiet --detach 8edfeb336732b5f3ce7b8b210d0ba370a09e2cac\n"}
,{"stream_name":"stdout","time":111.191902976,"data":"{\"event\": \"cache_found\", \"utc\": \"2026-10-07T20:38:36Z\", \"frames\": 2336736, \"episodes\": 18685, \"embedding_dim\": 192}\n"}
,{"stream_name":"stderr","time":112.954826655,"data":"2026-10-07 20:38:38.310 | INFO     | stable_worldmodel.wm.utils:_resolve_folder:137 - Loading checkpoint from folder /kaggle/working/pusht_released...\n"}
,{"stream_name":"stdout","time":138.012973393,"data":"20:39:03 | INFO  | __init__.py | TensorFlow version 2.20.0 available.\n"}
,{"stream_name":"stdout","time":138.014109571,"data":"20:39:03 | INFO  | __init__.py | JAX version 0.11.1 available.\n"}
,{"stream_name":"stdout","time":140.664917131,"data":"20:39:06 | INFO  | atomic_chec~| [atomic_save] installed crash-safe checkpoint plugin (write to sibling .tmp + fsync + atomic rename)\n"}
,{"stream_name":"stdout","time":140.816413528,"data":"20:39:06 | INFO  | utils.py    | Created ViT-tiny from scratch with config: {'hidden_size': 192, 'num_hidden_layers': 12, 'num_attention_heads': 3, 'intermediate_size': 768, 'image_size': 224, 'patch_size': 14}\n"}
,{"stream_name":"stdout","time":141.267785631,"data":"{\"event\": \"dataset_download_started\", \"utc\": \"2026-10-07T20:39:06Z\", \"revision\": \"655cd446b992\"}\n"}
,{"stream_name":"stdout","time":196.456252642,"data":"$ zstd -d -q /kaggle/tmp/exp19/download/pusht_expert_train.h5.zst -o /kaggle/tmp/exp19/stablewm/datasets/pusht_expert_train.h5\n"}
,{"stream_name":"stdout","time":497.445379379,"data":"{\"event\": \"dataset_ready\", \"utc\": \"2026-10-07T20:45:02Z\", \"bytes\": 46300921856}\n"}
,{"stream_name":"stdout","time":500.296135354,"data":"{\"event\": \"cache_parity\", \"utc\": \"2026-10-07T20:45:05Z\", \"max_abs\": 3.1962990760803223e-06, \"mean_abs\": 4.780048925567826e-07, \"atol\": 1e-05, \"indices\": [1000, 1001, 1002, 1003, 1004, 1005, 1006, 1007, 1008, 1009, 1010, 1011, 1012, 1013, 1014, 1015, 1016, 1017, 1018, 1019, 1020, 1021, 1022, 1023, 1024, 1025, 1026, 1027, 1028, 1029, 1030, 1031, 1032, 1033, 1034, 1035, 1036, 1037, 1038, 1039, 1040, 1041, 1042, 1043, 1044, 1045, 1046, 1047, 1048, 1049, 1050, 1051, 1052, 1053, 1054, 1055, 1056, 1057, 1058, 1059, 1060, 1061, 1062, 1063], \"pass_\": true, \"reference\": \"pinned eval.py img_transform then pinned model.encode\"}\n"}
,{"stream_name":"stdout","time":524.038771648,"data":"{\"event\": \"windows_ready\", \"utc\": \"2026-10-07T20:45:29Z\", \"train\": 1850813, \"heldout\": 205648, \"heldout_episodes\": 1868}\n"}
,{"stream_name":"stdout","time":524.131531165,"data":"{\"event\": \"ridge_progress\", \"utc\": \"2026-10-07T20:45:29Z\", \"windows\": 8192, \"total\": 1850813}\n"}
,{"stream_name":"stdout","time":539.170018253,"data":"{\"event\": \"ridge_progress\", \"utc\": \"2026-10-07T20:45:44Z\", \"windows\": 270336, \"total\": 1850813}\n"}
,{"stream_name":"stdout","time":554.249058316,"data":"{\"event\": \"ridge_progress\", \"utc\": \"2026-10-07T20:45:59Z\", \"windows\": 532480, \"total\": 1850813}\n"}
,{"stream_name":"stdout","time":569.434734049,"data":"{\"event\": \"ridge_progress\", \"utc\": \"2026-10-07T20:46:14Z\", \"windows\": 794624, \"total\": 1850813}\n"}
,{"stream_name":"stdout","time":584.441789406,"data":"{\"event\": \"ridge_progress\", \"utc\": \"2026-10-07T20:46:29Z\", \"windows\": 1056768, \"total\": 1850813}\n"}
,{"stream_name":"stdout","time":599.36618307,"data":"{\"event\": \"ridge_progress\", \"utc\": \"2026-10-07T20:46:44Z\", \"windows\": 1318912, \"total\": 1850813}\n"}
,{"stream_name":"stdout","time":614.1690552,"data":"{\"event\": \"ridge_progress\", \"utc\": \"2026-10-07T20:46:59Z\", \"windows\": 1581056, \"total\": 1850813}\n"}
,{"stream_name":"stdout","time":629.068845815,"data":"{\"event\": \"ridge_progress\", \"utc\": \"2026-10-07T20:47:14Z\", \"windows\": 1843200, \"total\": 1850813}\n"}
,{"stream_name":"stdout","time":655.579948685,"data":"{\"event\": \"bilinear_complete\", \"utc\": \"2026-10-07T20:47:40Z\", \"context_errors\": {\"bilinear\": {\"context_1\": 0.08201082204612808, \"context_2\": 0.06798700804725956, \"context_3\": 0.06819780023931367}, \"released\": {\"context_1\": 0.008033113334790105, \"context_2\": 0.007916430737443931, \"context_3\": 0.008310828332295737}}, \"seconds\": 131.52647382300006}\n"}
,{"stream_name":"stdout","time":656.181020763,"data":"{\"event\": \"neural_progress\", \"utc\": \"2026-10-07T20:47:41Z\", \"epoch\": 1, \"step\": 1, \"steps_per_epoch\": 7230, \"loss\": 1.1449134349822998, \"elapsed_epoch_seconds\": 0.40036574600003405}\n"}
,{"stream_name":"stdout","time":681.823800041,"data":"{\"event\": \"neural_progress\", \"utc\": \"2026-10-07T20:48:07Z\", \"epoch\": 1, \"step\": 501, \"steps_per_epoch\": 7230, \"loss\": 0.21373692154884338, \"elapsed_epoch_seconds\": 26.04311584900006}\n"}
,{"stream_name":"stdout","time":707.445558163,"data":"{\"event\": \"neural_progress\", \"utc\": \"2026-10-07T20:48:32Z\", \"epoch\": 1, \"step\": 1001, \"steps_per_epoch\": 7230, \"loss\": 0.0807860866189003, \"elapsed_epoch_seconds\": 51.66476418399998}\n"}
,{"stream_name":"stdout","time":733.041977349,"data":"{\"event\": \"neural_progress\", \"utc\": \"2026-10-07T20:48:58Z\", \"epoch\": 1, \"step\": 1501, \"steps_per_epoch\": 7230, \"loss\": 0.044819146394729614, \"elapsed_epoch_seconds\": 77.2611960260001}\n"}
,{"stream_name":"stdout","time":758.587258239,"data":"{\"event\": \"neural_progress\", \"utc\": \"2026-10-07T20:49:23Z\", \"epoch\": 1, \"step\": 2001, \"steps_per_epoch\": 7230, \"loss\": 0.03333744779229164, \"elapsed_epoch_seconds\": 102.80649995900012}\n"}
,{"stream_name":"stdout","time":784.097853015,"data":"{\"event\": \"neural_progress\", \"utc\": \"2026-10-07T20:49:49Z\", \"epoch\": 1, \"step\": 2501, \"steps_per_epoch\": 7230, \"loss\": 0.027508776634931564, \"elapsed_epoch_seconds\": 128.31714018000002}\n"}
,{"stream_name":"stdout","time":809.590459514,"data":"{\"event\": \"neural_progress\", \"utc\": \"2026-10-07T20:50:14Z\", \"epoch\": 1, \"step\": 3001, \"steps_per_epoch\": 7230, \"loss\": 0.02490323595702648, \"elapsed_epoch_seconds\": 153.80974638600014}\n"}
,{"stream_name":"stdout","time":835.055864688,"data":"{\"event\": \"neural_progress\", \"utc\": \"2026-10-07T20:50:40Z\", \"epoch\": 1, \"step\": 3501, \"steps_per_epoch\": 7230, \"loss\": 0.021639367565512657, \"elapsed_epoch_seconds\": 179.27508837000005}\n"}
,{"stream_name":"stdout","time":860.56640931,"data":"{\"event\": \"neural_progress\", \"utc\": \"2026-10-07T20:51:05Z\", \"epoch\": 1, \"step\": 4001, \"steps_per_epoch\": 7230, \"loss\": 0.02143414504826069, \"elapsed_epoch_seconds\": 204.78579797700013}\n"}
,{"stream_name":"stdout","time":886.085069147,"data":"{\"event\": \"neural_progress\", \"utc\": \"2026-10-07T20:51:31Z\", \"epoch\": 1, \"step\": 4501, \"steps_per_epoch\": 7230, \"loss\": 0.01825856603682041, \"elapsed_epoch_seconds\": 230.3043214060001}\n"}
,{"stream_name":"stdout","time":911.607136906,"data":"{\"event\": \"neural_progress\", \"utc\": \"2026-10-07T20:51:56Z\", \"epoch\": 1, \"step\": 5001, \"steps_per_epoch\": 7230, \"loss\": 0.016863619908690453, \"elapsed_epoch_seconds\": 255.82643029400015}\n"}
,{"stream_name":"stdout","time":937.116378055,"data":"{\"event\": \"neural_progress\", \"utc\": \"2026-10-07T20:52:22Z\", \"epoch\": 1, \"step\": 5501, \"steps_per_epoch\": 7230, \"loss\": 0.020790114998817444, \"elapsed_epoch_seconds\": 281.335654645}\n"}
,{"stream_name":"stdout","time":962.644092922,"data":"{\"event\": \"neural_progress\", \"utc\": \"2026-10-07T20:52:47Z\", \"epoch\": 1, \"step\": 6001, \"steps_per_epoch\": 7230, \"loss\": 0.01665951870381832, \"elapsed_epoch_seconds\": 306.863394898}\n"}
,{"stream_name":"stdout","time":988.20059373,"data":"{\"event\": \"neural_progress\", \"utc\": \"2026-10-07T20:53:13Z\", \"epoch\": 1, \"step\": 6501, \"steps_per_epoch\": 7230, \"loss\": 0.01464140135794878, \"elapsed_epoch_seconds\": 332.419923361}\n"}
,{"stream_name":"stdout","time":1013.724819439,"data":"{\"event\": \"neural_progress\", \"utc\": \"2026-10-07T20:53:39Z\", \"epoch\": 1, \"step\": 7001, \"steps_per_epoch\": 7230, \"loss\": 0.01568133756518364, \"elapsed_epoch_seconds\": 357.94403242399994}\n"}
,{"stream_name":"stdout","time":1025.623786814,"data":"{\"event\": \"neural_epoch_complete\", \"utc\": \"2026-10-07T20:53:50Z\", \"epoch\": 1, \"train_mse\": 0.07217279520835115, \"seconds\": 369.842698593}\n"}
,{"stream_name":"stdout","time":1025.706419846,"data":"{\"event\": \"neural_progress\", \"utc\": \"2026-10-07T20:53:51Z\", \"epoch\": 2, \"step\": 1, \"steps_per_epoch\": 7230, \"loss\": 0.013690516352653503, \"elapsed_epoch_seconds\": 0.0823478449999584}\n"}
,{"stream_name":"stdout","time":1051.257480571,"data":"{\"event\": \"neural_progress\", \"utc\": \"2026-10-07T20:54:16Z\", \"epoch\": 2, \"step\": 501, \"steps_per_epoch\": 7230, \"loss\": 0.015945658087730408, \"elapsed_epoch_seconds\": 25.633276869999918}\n"}
,{"stream_name":"stdout","time":1076.797349527,"data":"{\"event\": \"neural_progress\", \"utc\": \"2026-10-07T20:54:42Z\", \"epoch\": 2, \"step\": 1001, \"steps_per_epoch\": 7230, \"loss\": 0.01465513650327921, \"elapsed_epoch_seconds\": 51.173195680999925}\n"}
,{"stream_name":"stdout","time":1102.306326958,"data":"{\"event\": \"neural_progress\", \"utc\": \"2026-10-07T20:55:07Z\", \"epoch\": 2, \"step\": 1501, \"steps_per_epoch\": 7230, \"loss\": 0.014324337244033813, \"elapsed_epoch_seconds\": 76.68215262599983}\n"}
,{"stream_name":"stdout","time":1127.848183202,"data":"{\"event\": \"neural_progress\", \"utc\": \"2026-10-07T20:55:33Z\", \"epoch\": 2, \"step\": 2001, \"steps_per_epoch\": 7230, \"loss\": 0.015568302944302559, \"elapsed_epoch_seconds\": 102.22405394799989}\n"}
,{"stream_name":"stdout","time":1153.373665422,"data":"{\"event\": \"neural_progress\", \"utc\": \"2026-10-07T20:55:58Z\", \"epoch\": 2, \"step\": 2501, \"steps_per_epoch\": 7230, \"loss\": 0.011488224379718304, \"elapsed_epoch_seconds\": 127.74943764099999}\n"}
,{"stream_name":"stdout","time":1178.936558716,"data":"{\"event\": \"neural_progress\", \"utc\": \"2026-10-07T20:56:24Z\", \"epoch\": 2, \"step\": 3001, \"steps_per_epoch\": 7230, \"loss\": 0.015421602874994278, \"elapsed_epoch_seconds\": 153.31216086299992}\n"}
,{"stream_name":"stdout","time":1204.485656989,"data":"{\"event\": \"neural_progress\", \"utc\": \"2026-10-07T20:56:49Z\", \"epoch\": 2, \"step\": 3501, \"steps_per_epoch\": 7230, \"loss\": 0.01436065323650837, \"elapsed_epoch_seconds\": 178.861537795}\n"}
,{"stream_name":"stdout","time":1230.031361858,"data":"{\"event\": \"neural_progress\", \"utc\": \"2026-10-07T20:57:15Z\", \"epoch\": 2, \"step\": 4001, \"steps_per_epoch\": 7230, \"loss\": 0.012491997331380844, \"elapsed_epoch_seconds\": 204.407131446}\n"}
,{"stream_name":"stdout","time":1255.572191217,"data":"{\"event\": \"neural_progress\", \"utc\": \"2026-10-07T20:57:40Z\", \"epoch\": 2, \"step\": 4501, \"steps_per_epoch\": 7230, \"loss\": 0.013494329527020454, \"elapsed_epoch_seconds\": 229.94794891799984}\n"}
,{"stream_name":"stdout","time":1281.153709318,"data":"{\"event\": \"neural_progress\", \"utc\": \"2026-10-07T20:58:06Z\", \"epoch\": 2, \"step\": 5001, \"steps_per_epoch\": 7230, \"loss\": 0.012599999085068703, \"elapsed_epoch_seconds\": 255.52944912499993}\n"}
,{"stream_name":"stdout","time":1306.727715114,"data":"{\"event\": \"neural_progress\", \"utc\": \"2026-10-07T20:58:32Z\", \"epoch\": 2, \"step\": 5501, \"steps_per_epoch\": 7230, \"loss\": 0.011513200588524342, \"elapsed_epoch_seconds\": 281.1035238279999}\n"}
,{"stream_name":"stdout","time":1332.296391633,"data":"{\"event\": \"neural_progress\", \"utc\": \"2026-10-07T20:58:57Z\", \"epoch\": 2, \"step\": 6001, \"steps_per_epoch\": 7230, \"loss\": 0.01152011752128601, \"elapsed_epoch_seconds\": 306.672252782}\n"}
,{"stream_name":"stdout","time":1357.824041859,"data":"{\"event\": \"neural_progress\", \"utc\": \"2026-10-07T20:59:23Z\", \"epoch\": 2, \"step\": 6501, \"steps_per_epoch\": 7230, \"loss\": 0.011624140664935112, \"elapsed_epoch_seconds\": 332.19984493799984}\n"}
,{"stream_name":"stdout","time":1383.381820761,"data":"{\"event\": \"neural_progress\", \"utc\": \"2026-10-07T20:59:48Z\", \"epoch\": 2, \"step\": 7001, \"steps_per_epoch\": 7230, \"loss\": 0.011280452832579613, \"elapsed_epoch_seconds\": 357.75761669400003}\n"}
,{"stream_name":"stdout","time":1395.352911424,"data":"{\"event\": \"neural_epoch_complete\", \"utc\": \"2026-10-07T21:00:00Z\", \"epoch\": 2, \"train_mse\": 0.013061844602297446, \"seconds\": 369.72838908699987}\n"}
,{"stream_name":"stdout","time":1395.443689124,"data":"{\"event\": \"neural_progress\", \"utc\": \"2026-10-07T21:00:00Z\", \"epoch\": 3, \"step\": 1, \"steps_per_epoch\": 7230, \"loss\": 0.010953358374536037, \"elapsed_epoch_seconds\": 0.09033844199984742}\n"}
,{"stream_name":"stdout","time":1421.038105578,"data":"{\"event\": \"neural_progress\", \"utc\": \"2026-10-07T21:00:26Z\", \"epoch\": 3, \"step\": 501, \"steps_per_epoch\": 7230, \"loss\": 0.009870479814708233, \"elapsed_epoch_seconds\": 25.684842541999842}\n"}
,{"stream_name":"stdout","time":1446.637244785,"data":"{\"event\": \"neural_progress\", \"utc\": \"2026-10-07T21:00:51Z\", \"epoch\": 3, \"step\": 1001, \"steps_per_epoch\": 7230, \"loss\": 0.012287696823477745, \"elapsed_epoch_seconds\": 51.28392377499995}\n"}
,{"stream_name":"stdout","time":1472.276611086,"data":"{\"event\": \"neural_progress\", \"utc\": \"2026-10-07T21:01:17Z\", \"epoch\": 3, \"step\": 1501, \"steps_per_epoch\": 7230, \"loss\": 0.010953699238598347, \"elapsed_epoch_seconds\": 76.9233338319998}\n"}
,{"stream_name":"stdout","time":1497.860971516,"data":"{\"event\": \"neural_progress\", \"utc\": \"2026-10-07T21:01:43Z\", \"epoch\": 3, \"step\": 2001, \"steps_per_epoch\": 7230, \"loss\": 0.010802228935062885, \"elapsed_epoch_seconds\": 102.50774352299982}\n"}
,{"stream_name":"stdout","time":1523.477640788,"data":"{\"event\": \"neural_progress\", \"utc\": \"2026-10-07T21:02:08Z\", \"epoch\": 3, \"step\": 2501, \"steps_per_epoch\": 7230, \"loss\": 0.009369976818561554, \"elapsed_epoch_seconds\": 128.12432378100016}\n"}
,{"stream_name":"stdout","time":1549.069930173,"data":"{\"event\": \"neural_progress\", \"utc\": \"2026-10-07T21:02:34Z\", \"epoch\": 3, \"step\": 3001, \"steps_per_epoch\": 7230, \"loss\": 0.00971945933997631, \"elapsed_epoch_seconds\": 153.71665753599996}\n"}
,{"stream_name":"stdout","time":1574.677802616,"data":"{\"event\": \"neural_progress\", \"utc\": \"2026-10-07T21:03:00Z\", \"epoch\": 3, \"step\": 3501, \"steps_per_epoch\": 7230, \"loss\": 0.010711700655519962, \"elapsed_epoch_seconds\": 179.32460146300014}\n"}
,{"stream_name":"stdout","time":1600.275375228,"data":"{\"event\": \"neural_progress\", \"utc\": \"2026-10-07T21:03:25Z\", \"epoch\": 3, \"step\": 4001, \"steps_per_epoch\": 7230, \"loss\": 0.009898071177303791, \"elapsed_epoch_seconds\": 204.92206902300018}\n"}
,{"stream_name":"stdout","time":1625.895702128,"data":"{\"event\": \"neural_progress\", \"utc\": \"2026-10-07T21:03:51Z\", \"epoch\": 3, \"step\": 4501, \"steps_per_epoch\": 7230, \"loss\": 0.009894766844809055, \"elapsed_epoch_seconds\": 230.54239742100003}\n"}
,{"stream_name":"stdout","time":1651.470772512,"data":"{\"event\": \"neural_progress\", \"utc\": \"2026-10-07T21:04:16Z\", \"epoch\": 3, \"step\": 5001, \"steps_per_epoch\": 7230, \"loss\": 0.010617850348353386, \"elapsed_epoch_seconds\": 256.11745451499996}\n"}
,{"stream_name":"stdout","time":1677.049699133,"data":"{\"event\": \"neural_progress\", \"utc\": \"2026-10-07T21:04:42Z\", \"epoch\": 3, \"step\": 5501, \"steps_per_epoch\": 7230, \"loss\": 0.00962445605546236, \"elapsed_epoch_seconds\": 281.6964410349999}\n"}
,{"stream_name":"stdout","time":1702.66748432,"data":"{\"event\": \"neural_progress\", \"utc\": \"2026-10-07T21:05:08Z\", \"epoch\": 3, \"step\": 6001, \"steps_per_epoch\": 7230, \"loss\": 0.010807258076965809, \"elapsed_epoch_seconds\": 307.3142388069998}\n"}
,{"stream_name":"stdout","time":1728.245697781,"data":"{\"event\": \"neural_progress\", \"utc\": \"2026-10-07T21:05:33Z\", \"epoch\": 3, \"step\": 6501, \"steps_per_epoch\": 7230, \"loss\": 0.009501424618065357, \"elapsed_epoch_seconds\": 332.89241233100006}\n"}
,{"stream_name":"stdout","time":1753.833677276,"data":"{\"event\": \"neural_progress\", \"utc\": \"2026-10-07T21:05:59Z\", \"epoch\": 3, \"step\": 7001, \"steps_per_epoch\": 7230, \"loss\": 0.009947418235242367, \"elapsed_epoch_seconds\": 358.48036782099985}\n"}
,{"stream_name":"stdout","time":1765.818979813,"data":"{\"event\": \"neural_epoch_complete\", \"utc\": \"2026-10-07T21:06:11Z\", \"epoch\": 3, \"train_mse\": 0.010335084586033673, \"seconds\": 370.46517953399984}\n"}
,{"stream_name":"stdout","time":1765.906881912,"data":"{\"event\": \"neural_progress\", \"utc\": \"2026-10-07T21:06:11Z\", \"epoch\": 4, \"step\": 1, \"steps_per_epoch\": 7230, \"loss\": 0.00918636191636324, \"elapsed_epoch_seconds\": 0.08748759399986739}\n"}
,{"stream_name":"stdout","time":1791.494113079,"data":"{\"event\": \"neural_progress\", \"utc\": \"2026-10-07T21:06:36Z\", \"epoch\": 4, \"step\": 501, \"steps_per_epoch\": 7230, \"loss\": 0.009513113647699356, \"elapsed_epoch_seconds\": 25.67465630400011}\n"}
,{"stream_name":"stdout","time":1817.047385167,"data":"{\"event\": \"neural_progress\", \"utc\": \"2026-10-07T21:07:02Z\", \"epoch\": 4, \"step\": 1001, \"steps_per_epoch\": 7230, \"loss\": 0.007545818109065294, \"elapsed_epoch_seconds\": 51.22802941100008}\n"}
,{"stream_name":"stdout","time":1842.638993666,"data":"{\"event\": \"neural_progress\", \"utc\": \"2026-10-07T21:07:27Z\", \"epoch\": 4, \"step\": 1501, \"steps_per_epoch\": 7230, \"loss\": 0.008935053832828999, \"elapsed_epoch_seconds\": 76.81946652999977}\n"}
,{"stream_name":"stdout","time":1868.216035359,"data":"{\"event\": \"neural_progress\", \"utc\": \"2026-10-07T21:07:53Z\", \"epoch\": 4, \"step\": 2001, \"steps_per_epoch\": 7230, \"loss\": 0.008461457677185535, \"elapsed_epoch_seconds\": 102.39652255600004}\n"}
,{"stream_name":"stdout","time":1893.793062489,"data":"{\"event\": \"neural_progress\", \"utc\": \"2026-10-07T21:08:19Z\", \"epoch\": 4, \"step\": 2501, \"steps_per_epoch\": 7230, \"loss\": 0.010084321722388268, \"elapsed_epoch_seconds\": 127.97359895799991}\n"}
,{"stream_name":"stdout","time":1919.406098695,"data":"{\"event\": \"neural_progress\", \"utc\": \"2026-10-07T21:08:44Z\", \"epoch\": 4, \"step\": 3001, \"steps_per_epoch\": 7230, \"loss\": 0.010172845795750618, \"elapsed_epoch_seconds\": 153.58670366099977}\n"}
,{"stream_name":"stdout","time":1944.975553644,"data":"{\"event\": \"neural_progress\", \"utc\": \"2026-10-07T21:09:10Z\", \"epoch\": 4, \"step\": 3501, \"steps_per_epoch\": 7230, \"loss\": 0.007667581085115671, \"elapsed_epoch_seconds\": 179.1561688920001}\n"}
,{"stream_name":"stdout","time":1970.490531422,"data":"{\"event\": \"neural_progress\", \"utc\": \"2026-10-07T21:09:35Z\", \"epoch\": 4, \"step\": 4001, \"steps_per_epoch\": 7230, \"loss\": 0.0087705934420228, \"elapsed_epoch_seconds\": 204.67068834600013}\n"}
,{"stream_name":"stdout","time":1996.074716307,"data":"{\"event\": \"neural_progress\", \"utc\": \"2026-10-07T21:10:01Z\", \"epoch\": 4, \"step\": 4501, \"steps_per_epoch\": 7230, \"loss\": 0.007390582002699375, \"elapsed_epoch_seconds\": 230.25526892100015}\n"}
,{"stream_name":"stdout","time":2021.65706526,"data":"{\"event\": \"neural_progress\", \"utc\": \"2026-10-07T21:10:27Z\", \"epoch\": 4, \"step\": 5001, \"steps_per_epoch\": 7230, \"loss\": 0.008109471760690212, \"elapsed_epoch_seconds\": 255.83761613600018}\n"}
,{"stream_name":"stdout","time":2047.221100477,"data":"{\"event\": \"neural_progress\", \"utc\": \"2026-10-07T21:10:52Z\", \"epoch\": 4, \"step\": 5501, \"steps_per_epoch\": 7230, \"loss\": 0.007666403893381357, \"elapsed_epoch_seconds\": 281.401718221}\n"}
,{"stream_name":"stdout","time":2072.785504049,"data":"{\"event\": \"neural_progress\", \"utc\": \"2026-10-07T21:11:18Z\", \"epoch\": 4, \"step\": 6001, \"steps_per_epoch\": 7230, \"loss\": 0.008495369926095009, \"elapsed_epoch_seconds\": 306.96617374900006}\n"}
,{"stream_name":"stdout","time":2098.328294948,"data":"{\"event\": \"neural_progress\", \"utc\": \"2026-10-07T21:11:43Z\", \"epoch\": 4, \"step\": 6501, \"steps_per_epoch\": 7230, \"loss\": 0.008333452977240086, \"elapsed_epoch_seconds\": 332.50882611299994}\n"}
,{"stream_name":"stdout","time":2123.89348864,"data":"{\"event\": \"neural_progress\", \"utc\": \"2026-10-07T21:12:09Z\", \"epoch\": 4, \"step\": 7001, \"steps_per_epoch\": 7230, \"loss\": 0.008147799409925938, \"elapsed_epoch_seconds\": 358.07403311200005}\n"}
,{"stream_name":"stdout","time":2135.827720234,"data":"{\"event\": \"neural_epoch_complete\", \"utc\": \"2026-10-07T21:12:21Z\", \"epoch\": 4, \"train_mse\": 0.008801142023366687, \"seconds\": 370.00776524799994}\n"}
,{"stream_name":"stdout","time":2135.915876578,"data":"{\"event\": \"neural_progress\", \"utc\": \"2026-10-07T21:12:21Z\", \"epoch\": 5, \"step\": 1, \"steps_per_epoch\": 7230, \"loss\": 0.008941120468080044, \"elapsed_epoch_seconds\": 0.08770147299992459}\n"}
,{"stream_name":"stdout","time":2161.493607095,"data":"{\"event\": \"neural_progress\", \"utc\": \"2026-10-07T21:12:46Z\", \"epoch\": 5, \"step\": 501, \"steps_per_epoch\": 7230, \"loss\": 0.00778442807495594, \"elapsed_epoch_seconds\": 25.665493813000012}\n"}
,{"stream_name":"stdout","time":2187.091989141,"data":"{\"event\": \"neural_progress\", \"utc\": \"2026-10-07T21:13:12Z\", \"epoch\": 5, \"step\": 1001, \"steps_per_epoch\": 7230, \"loss\": 0.008245158940553665, \"elapsed_epoch_seconds\": 51.26395894799998}\n"}
,{"stream_name":"stdout","time":2212.654978459,"data":"{\"event\": \"neural_progress\", \"utc\": \"2026-10-07T21:13:38Z\", \"epoch\": 5, \"step\": 1501, \"steps_per_epoch\": 7230, \"loss\": 0.007542714476585388, \"elapsed_epoch_seconds\": 76.8268002169998}\n"}
,{"stream_name":"stdout","time":2238.224671256,"data":"{\"event\": \"neural_progress\", \"utc\": \"2026-10-07T21:14:03Z\", \"epoch\": 5, \"step\": 2001, \"steps_per_epoch\": 7230, \"loss\": 0.009301336482167244, \"elapsed_epoch_seconds\": 102.39656256799981}\n"}
,{"stream_name":"stdout","time":2263.801070271,"data":"{\"event\": \"neural_progress\", \"utc\": \"2026-10-07T21:14:29Z\", \"epoch\": 5, \"step\": 2501, \"steps_per_epoch\": 7230, \"loss\": 0.008867454715073109, \"elapsed_epoch_seconds\": 127.97286097000006}\n"}
,{"stream_name":"stdout","time":2289.356382952,"data":"{\"event\": \"neural_progress\", \"utc\": \"2026-10-07T21:14:54Z\", \"epoch\": 5, \"step\": 3001, \"steps_per_epoch\": 7230, \"loss\": 0.009643941186368465, \"elapsed_epoch_seconds\": 153.52823971099997}\n"}
,{"stream_name":"stdout","time":2314.952567957,"data":"{\"event\": \"neural_progress\", \"utc\": \"2026-10-07T21:15:20Z\", \"epoch\": 5, \"step\": 3501, \"steps_per_epoch\": 7230, \"loss\": 0.007878586649894714, \"elapsed_epoch_seconds\": 179.12438480399987}\n"}
,{"stream_name":"stdout","time":2340.509149732,"data":"{\"event\": \"neural_progress\", \"utc\": \"2026-10-07T21:15:45Z\", \"epoch\": 5, \"step\": 4001, \"steps_per_epoch\": 7230, \"loss\": 0.007098140195012093, \"elapsed_epoch_seconds\": 204.6809850689997}\n"}
,{"stream_name":"stdout","time":2366.071125016,"data":"{\"event\": \"neural_progress\", \"utc\": \"2026-10-07T21:16:11Z\", \"epoch\": 5, \"step\": 4501, \"steps_per_epoch\": 7230, \"loss\": 0.008264568634331226, \"elapsed_epoch_seconds\": 230.2429111040001}\n"}
,{"stream_name":"stdout","time":2391.643272755,"data":"{\"event\": \"neural_progress\", \"utc\": \"2026-10-07T21:16:36Z\", \"epoch\": 5, \"step\": 5001, \"steps_per_epoch\": 7230, \"loss\": 0.008109156042337418, \"elapsed_epoch_seconds\": 255.81517006800004}\n"}
,{"stream_name":"stdout","time":2417.235288525,"data":"{\"event\": \"neural_progress\", \"utc\": \"2026-10-07T21:17:02Z\", \"epoch\": 5, \"step\": 5501, \"steps_per_epoch\": 7230, \"loss\": 0.007232400123029947, \"elapsed_epoch_seconds\": 281.4070727559997}\n"}
,{"stream_name":"stdout","time":2442.826692244,"data":"{\"event\": \"neural_progress\", \"utc\": \"2026-10-07T21:17:28Z\", \"epoch\": 5, \"step\": 6001, \"steps_per_epoch\": 7230, \"loss\": 0.006886804010719061, \"elapsed_epoch_seconds\": 306.99859540299985}\n"}
,{"stream_name":"stdout","time":2468.44150861,"data":"{\"event\": \"neural_progress\", \"utc\": \"2026-10-07T21:17:53Z\", \"epoch\": 5, \"step\": 6501, \"steps_per_epoch\": 7230, \"loss\": 0.007599786855280399, \"elapsed_epoch_seconds\": 332.61333908200004}\n"}
,{"stream_name":"stdout","time":2494.040577243,"data":"{\"event\": \"neural_progress\", \"utc\": \"2026-10-07T21:18:19Z\", \"epoch\": 5, \"step\": 7001, \"steps_per_epoch\": 7230, \"loss\": 0.007751254830509424, \"elapsed_epoch_seconds\": 358.21235109300005}\n"}
,{"stream_name":"stdout","time":2506.096423337,"data":"{\"event\": \"neural_epoch_complete\", \"utc\": \"2026-10-07T21:18:31Z\", \"epoch\": 5, \"train_mse\": 0.007817282281258983, \"seconds\": 370.2675836159997}\n"}
,{"stream_name":"stdout","time":2506.176250205,"data":"{\"event\": \"neural_progress\", \"utc\": \"2026-10-07T21:18:31Z\", \"epoch\": 6, \"step\": 1, \"steps_per_epoch\": 7230, \"loss\": 0.006490117404609919, \"elapsed_epoch_seconds\": 0.07990793899989512}\n"}
,{"stream_name":"stdout","time":2531.762145027,"data":"{\"event\": \"neural_progress\", \"utc\": \"2026-10-07T21:18:57Z\", \"epoch\": 6, \"step\": 501, \"steps_per_epoch\": 7230, \"loss\": 0.006473430898040533, \"elapsed_epoch_seconds\": 25.66577069999994}\n"}
,{"stream_name":"stdout","time":2557.37031333,"data":"{\"event\": \"neural_progress\", \"utc\": \"2026-10-07T21:19:22Z\", \"epoch\": 6, \"step\": 1001, \"steps_per_epoch\": 7230, \"loss\": 0.0068927425891160965, \"elapsed_epoch_seconds\": 51.27385935600023}\n"}
,{"stream_name":"stdout","time":2582.9559183,"data":"{\"event\": \"neural_progress\", \"utc\": \"2026-10-07T21:19:48Z\", \"epoch\": 6, \"step\": 1501, \"steps_per_epoch\": 7230, \"loss\": 0.006731235887855291, \"elapsed_epoch_seconds\": 76.859421999}\n"}
,{"stream_name":"stdout","time":2608.556033865,"data":"{\"event\": \"neural_progress\", \"utc\": \"2026-10-07T21:20:13Z\", \"epoch\": 6, \"step\": 2001, \"steps_per_epoch\": 7230, \"loss\": 0.008078987710177898, \"elapsed_epoch_seconds\": 102.45955785500018}\n"}
,{"stream_name":"stdout","time":2634.127242236,"data":"{\"event\": \"neural_progress\", \"utc\": \"2026-10-07T21:20:39Z\", \"epoch\": 6, \"step\": 2501, \"steps_per_epoch\": 7230, \"loss\": 0.006972066126763821, \"elapsed_epoch_seconds\": 128.03080201500006}\n"}
,{"stream_name":"stdout","time":2659.701505804,"data":"{\"event\": \"neural_progress\", \"utc\": \"2026-10-07T21:21:05Z\", \"epoch\": 6, \"step\": 3001, \"steps_per_epoch\": 7230, \"loss\": 0.0072571164928376675, \"elapsed_epoch_seconds\": 153.60510010999997}\n"}
,{"stream_name":"stdout","time":2685.268195319,"data":"{\"event\": \"neural_progress\", \"utc\": \"2026-10-07T21:21:30Z\", \"epoch\": 6, \"step\": 3501, \"steps_per_epoch\": 7230, \"loss\": 0.006728573702275753, \"elapsed_epoch_seconds\": 179.17175143400027}\n"}
,{"stream_name":"stdout","time":2710.800594838,"data":"{\"event\": \"neural_progress\", \"utc\": \"2026-10-07T21:21:56Z\", \"epoch\": 6, \"step\": 4001, \"steps_per_epoch\": 7230, \"loss\": 0.0068953027948737144, \"elapsed_epoch_seconds\": 204.70418783600007}\n"}
,{"stream_name":"stdout","time":2736.331665241,"data":"{\"event\": \"neural_progress\", \"utc\": \"2026-10-07T21:22:21Z\", \"epoch\": 6, \"step\": 4501, \"steps_per_epoch\": 7230, \"loss\": 0.006215459667146206, \"elapsed_epoch_seconds\": 230.23529486799998}\n"}
,{"stream_name":"stdout","time":2761.887891493,"data":"{\"event\": \"neural_progress\", \"utc\": \"2026-10-07T21:22:47Z\", \"epoch\": 6, \"step\": 5001, \"steps_per_epoch\": 7230, \"loss\": 0.007558791898190975, \"elapsed_epoch_seconds\": 255.7915150240001}\n"}
,{"stream_name":"stdout","time":2787.434058205,"data":"{\"event\": \"neural_progress\", \"utc\": \"2026-10-07T21:23:12Z\", \"epoch\": 6, \"step\": 5501, \"steps_per_epoch\": 7230, \"loss\": 0.007066921330988407, \"elapsed_epoch_seconds\": 281.33760056500023}\n"}
,{"stream_name":"stdout","time":2813.007903054,"data":"{\"event\": \"neural_progress\", \"utc\": \"2026-10-07T21:23:38Z\", \"epoch\": 6, \"step\": 6001, \"steps_per_epoch\": 7230, \"loss\": 0.006741026882082224, \"elapsed_epoch_seconds\": 306.911446778}\n"}
,{"stream_name":"stdout","time":2838.558262791,"data":"{\"event\": \"neural_progress\", \"utc\": \"2026-10-07T21:24:03Z\", \"epoch\": 6, \"step\": 6501, \"steps_per_epoch\": 7230, \"loss\": 0.006650030612945557, \"elapsed_epoch_seconds\": 332.46183397799996}\n"}
,{"stream_name":"stdout","time":2864.107421523,"data":"{\"event\": \"neural_progress\", \"utc\": \"2026-10-07T21:24:29Z\", \"epoch\": 6, \"step\": 7001, \"steps_per_epoch\": 7230, \"loss\": 0.008096654899418354, \"elapsed_epoch_seconds\": 358.0110156380001}\n"}
,{"stream_name":"stdout","time":2876.073801687,"data":"{\"event\": \"neural_epoch_complete\", \"utc\": \"2026-10-07T21:24:41Z\", \"epoch\": 6, \"train_mse\": 0.007167950136802743, \"seconds\": 369.9768756090002}\n"}
,{"stream_name":"stdout","time":2876.162876686,"data":"{\"event\": \"neural_progress\", \"utc\": \"2026-10-07T21:24:41Z\", \"epoch\": 7, \"step\": 1, \"steps_per_epoch\": 7230, \"loss\": 0.007369137369096279, \"elapsed_epoch_seconds\": 0.08868985400022211}\n"}
,{"stream_name":"stdout","time":2901.693923869,"data":"{\"event\": \"neural_progress\", \"utc\": \"2026-10-07T21:25:07Z\", \"epoch\": 7, \"step\": 501, \"steps_per_epoch\": 7230, \"loss\": 0.006673108320683241, \"elapsed_epoch_seconds\": 25.619655515999966}\n"}
,{"stream_name":"stdout","time":2927.223421549,"data":"{\"event\": \"neural_progress\", \"utc\": \"2026-10-07T21:25:32Z\", \"epoch\": 7, \"step\": 1001, \"steps_per_epoch\": 7230, \"loss\": 0.006713277660310268, \"elapsed_epoch_seconds\": 51.14917836199993}\n"}
,{"stream_name":"stdout","time":2952.752607481,"data":"{\"event\": \"neural_progress\", \"utc\": \"2026-10-07T21:25:58Z\", \"epoch\": 7, \"step\": 1501, \"steps_per_epoch\": 7230, \"loss\": 0.006993736606091261, \"elapsed_epoch_seconds\": 76.67833309600019}\n"}
,{"stream_name":"stdout","time":2978.30354106,"data":"{\"event\": \"neural_progress\", \"utc\": \"2026-10-07T21:26:23Z\", \"epoch\": 7, \"step\": 2001, \"steps_per_epoch\": 7230, \"loss\": 0.007447331212460995, \"elapsed_epoch_seconds\": 102.22932400599984}\n"}
,{"stream_name":"stdout","time":3003.831411979,"data":"{\"event\": \"neural_progress\", \"utc\": \"2026-10-07T21:26:49Z\", \"epoch\": 7, \"step\": 2501, \"steps_per_epoch\": 7230, \"loss\": 0.008543502539396286, \"elapsed_epoch_seconds\": 127.75715658599984}\n"}
,{"stream_name":"stdout","time":3029.360569146,"data":"{\"event\": \"neural_progress\", \"utc\": \"2026-10-07T21:27:14Z\", \"epoch\": 7, \"step\": 3001, \"steps_per_epoch\": 7230, \"loss\": 0.006556197535246611, \"elapsed_epoch_seconds\": 153.28638795999996}\n"}
,{"stream_name":"stdout","time":3054.928719343,"data":"{\"event\": \"neural_progress\", \"utc\": \"2026-10-07T21:27:40Z\", \"epoch\": 7, \"step\": 3501, \"steps_per_epoch\": 7230, \"loss\": 0.00686641363427043, \"elapsed_epoch_seconds\": 178.85450817399987}\n"}
,{"stream_name":"stdout","time":3080.524759334,"data":"{\"event\": \"neural_progress\", \"utc\": \"2026-10-07T21:28:05Z\", \"epoch\": 7, \"step\": 4001, \"steps_per_epoch\": 7230, \"loss\": 0.006541223265230656, \"elapsed_epoch_seconds\": 204.45052757199983}\n"}
,{"stream_name":"stdout","time":3106.147602203,"data":"{\"event\": \"neural_progress\", \"utc\": \"2026-10-07T21:28:31Z\", \"epoch\": 7, \"step\": 4501, \"steps_per_epoch\": 7230, \"loss\": 0.006430833134800196, \"elapsed_epoch_seconds\": 230.07327922700006}\n"}
,{"stream_name":"stdout","time":3131.714029718,"data":"{\"event\": \"neural_progress\", \"utc\": \"2026-10-07T21:28:57Z\", \"epoch\": 7, \"step\": 5001, \"steps_per_epoch\": 7230, \"loss\": 0.007112795952707529, \"elapsed_epoch_seconds\": 255.63983054900018}\n"}
,{"stream_name":"stdout","time":3157.302710087,"data":"{\"event\": \"neural_progress\", \"utc\": \"2026-10-07T21:29:22Z\", \"epoch\": 7, \"step\": 5501, \"steps_per_epoch\": 7230, \"loss\": 0.005916383117437363, \"elapsed_epoch_seconds\": 281.2284197160002}\n"}
,{"stream_name":"stdout","time":3182.843049794,"data":"{\"event\": \"neural_progress\", \"utc\": \"2026-10-07T21:29:48Z\", \"epoch\": 7, \"step\": 6001, \"steps_per_epoch\": 7230, \"loss\": 0.006760208867490292, \"elapsed_epoch_seconds\": 306.76872835099994}\n"}
,{"stream_name":"stdout","time":3208.367018838,"data":"{\"event\": \"neural_progress\", \"utc\": \"2026-10-07T21:30:13Z\", \"epoch\": 7, \"step\": 6501, \"steps_per_epoch\": 7230, \"loss\": 0.0066194781102240086, \"elapsed_epoch_seconds\": 332.2927253890002}\n"}
,{"stream_name":"stdout","time":3233.89342733,"data":"{\"event\": \"neural_progress\", \"utc\": \"2026-10-07T21:30:39Z\", \"epoch\": 7, \"step\": 7001, \"steps_per_epoch\": 7230, \"loss\": 0.0067165810614824295, \"elapsed_epoch_seconds\": 357.8191732340001}\n"}
,{"stream_name":"stdout","time":3245.866555045,"data":"{\"event\": \"neural_epoch_complete\", \"utc\": \"2026-10-07T21:30:51Z\", \"epoch\": 7, \"train_mse\": 0.006767690517898369, \"seconds\": 369.79174619800006}\n"}
,{"stream_name":"stdout","time":3245.948852886,"data":"{\"event\": \"neural_progress\", \"utc\": \"2026-10-07T21:30:51Z\", \"epoch\": 8, \"step\": 1, \"steps_per_epoch\": 7230, \"loss\": 0.006870098877698183, \"elapsed_epoch_seconds\": 0.08184364499993535}\n"}
,{"stream_name":"stdout","time":3271.417649961,"data":"{\"event\": \"neural_progress\", \"utc\": \"2026-10-07T21:31:16Z\", \"epoch\": 8, \"step\": 501, \"steps_per_epoch\": 7230, \"loss\": 0.0058432104997336864, \"elapsed_epoch_seconds\": 25.55066754900008}\n"}
,{"stream_name":"stdout","time":3296.924499189,"data":"{\"event\": \"neural_progress\", \"utc\": \"2026-10-07T21:31:42Z\", \"epoch\": 8, \"step\": 1001, \"steps_per_epoch\": 7230, \"loss\": 0.005827595945447683, \"elapsed_epoch_seconds\": 51.0574669079997}\n"}
,{"stream_name":"stdout","time":3322.405363848,"data":"{\"event\": \"neural_progress\", \"utc\": \"2026-10-07T21:32:07Z\", \"epoch\": 8, \"step\": 1501, \"steps_per_epoch\": 7230, \"loss\": 0.00705960625782609, \"elapsed_epoch_seconds\": 76.53845951699986}\n"}
,{"stream_name":"stdout","time":3347.932645346,"data":"{\"event\": \"neural_progress\", \"utc\": \"2026-10-07T21:32:33Z\", \"epoch\": 8, \"step\": 2001, \"steps_per_epoch\": 7230, \"loss\": 0.00638756575062871, \"elapsed_epoch_seconds\": 102.0655880989998}\n"}
,{"stream_name":"stdout","time":3373.43010493,"data":"{\"event\": \"neural_progress\", \"utc\": \"2026-10-07T21:32:58Z\", \"epoch\": 8, \"step\": 2501, \"steps_per_epoch\": 7230, \"loss\": 0.007022923324257135, \"elapsed_epoch_seconds\": 127.56313193599999}\n"}
,{"stream_name":"stdout","time":3398.930835491,"data":"{\"event\": \"neural_progress\", \"utc\": \"2026-10-07T21:33:24Z\", \"epoch\": 8, \"step\": 3001, \"steps_per_epoch\": 7230, \"loss\": 0.006857066415250301, \"elapsed_epoch_seconds\": 153.06385713200007}\n"}
,{"stream_name":"stdout","time":3424.410995032,"data":"{\"event\": \"neural_progress\", \"utc\": \"2026-10-07T21:33:49Z\", \"epoch\": 8, \"step\": 3501, \"steps_per_epoch\": 7230, \"loss\": 0.007007853128015995, \"elapsed_epoch_seconds\": 178.54398071700007}\n"}
,{"stream_name":"stdout","time":3449.905369193,"data":"{\"event\": \"neural_progress\", \"utc\": \"2026-10-07T21:34:15Z\", \"epoch\": 8, \"step\": 4001, \"steps_per_epoch\": 7230, \"loss\": 0.007480395492166281, \"elapsed_epoch_seconds\": 204.03835447799975}\n"}
,{"stream_name":"stdout","time":3475.407348401,"data":"{\"event\": \"neural_progress\", \"utc\": \"2026-10-07T21:34:40Z\", \"epoch\": 8, \"step\": 4501, \"steps_per_epoch\": 7230, \"loss\": 0.006900318432599306, \"elapsed_epoch_seconds\": 229.5403808599999}\n"}
,{"stream_name":"stdout","time":3500.876682864,"data":"{\"event\": \"neural_progress\", \"utc\": \"2026-10-07T21:35:06Z\", \"epoch\": 8, \"step\": 5001, \"steps_per_epoch\": 7230, \"loss\": 0.006869401317089796, \"elapsed_epoch_seconds\": 255.0096844499999}\n"}
,{"stream_name":"stdout","time":3526.359130374,"data":"{\"event\": \"neural_progress\", \"utc\": \"2026-10-07T21:35:31Z\", \"epoch\": 8, \"step\": 5501, \"steps_per_epoch\": 7230, \"loss\": 0.006125757470726967, \"elapsed_epoch_seconds\": 280.4922250459995}\n"}
,{"stream_name":"stdout","time":3551.825520891,"data":"{\"event\": \"neural_progress\", \"utc\": \"2026-10-07T21:35:57Z\", \"epoch\": 8, \"step\": 6001, \"steps_per_epoch\": 7230, \"loss\": 0.005913947243243456, \"elapsed_epoch_seconds\": 305.95854288600003}\n"}
,{"stream_name":"stdout","time":3577.317370848,"data":"{\"event\": \"neural_progress\", \"utc\": \"2026-10-07T21:36:22Z\", \"epoch\": 8, \"step\": 6501, \"steps_per_epoch\": 7230, \"loss\": 0.005967451725155115, \"elapsed_epoch_seconds\": 331.4503740700002}\n"}
,{"stream_name":"stdout","time":3602.810140019,"data":"{\"event\": \"neural_progress\", \"utc\": \"2026-10-07T21:36:48Z\", \"epoch\": 8, \"step\": 7001, \"steps_per_epoch\": 7230, \"loss\": 0.006476245820522308, \"elapsed_epoch_seconds\": 356.94317082399994}\n"}
,{"stream_name":"stdout","time":3614.734612935,"data":"{\"event\": \"neural_epoch_complete\", \"utc\": \"2026-10-07T21:37:00Z\", \"epoch\": 8, \"train_mse\": 0.006587080618488446, \"seconds\": 368.86735554699953}\n"}
,{"stream_name":"stdout","time":3614.889293619,"data":"21:37:00 | INFO  | utils.py    | Loading checkpoint from folder /kaggle/working/pusht_retrained_v2...\n"}
,{"stream_name":"stdout","time":3615.064169473,"data":"21:37:00 | INFO  | utils.py    | Created ViT-tiny from scratch with config: {'hidden_size': 192, 'num_hidden_layers': 12, 'num_attention_heads': 3, 'intermediate_size': 768, 'image_size': 224, 'patch_size': 14}\n"}
,{"stream_name":"stdout","time":3639.678036348,"data":"{\"event\": \"fit_complete\", \"utc\": \"2026-10-07T21:37:25Z\", \"context_errors\": {\"bilinear\": {\"context_1\": 0.08201082204612808, \"context_2\": 0.06798700804725956, \"context_3\": 0.06819780023931367}, \"released\": {\"context_1\": 0.008033113334790105, \"context_2\": 0.007916430737443931, \"context_3\": 0.008310828332295737}, \"retrained_all_positions\": {\"context_1\": 0.0035480131528591507, \"context_2\": 0.0034975896595642237, \"context_3\": 0.003652588233962431}}, \"total_seconds\": 3638.9631276820005}\n"}
,{"stream_name":"stderr","time":3647.590590776,"data":"/usr/local/lib/python3.13/dist-packages/mistune.py:435: SyntaxWarning: invalid escape sequence '\\|'\n"}
,{"stream_name":"stderr","time":3647.590620648,"data":"  cells[i][c] = re.sub('\\\\\\\\\\|', '|', cell)\n"}
,{"stream_name":"stderr","time":3647.84970323,"data":"/usr/local/lib/python3.13/dist-packages/nbconvert/filters/filter_links.py:36: SyntaxWarning: invalid escape sequence '\\_'\n"}
,{"stream_name":"stderr","time":3647.849731678,"data":"  text = re.sub(r'_', '\\_', text) # Escape underscores in display text\n"}
,{"stream_name":"stderr","time":3648.655431908,"data":"[NbConvertApp] Converting notebook __script__.ipynb to html\n"}
,{"stream_name":"stderr","time":3649.453349608,"data":"[NbConvertApp] Writing 376517 bytes to __results__.html\n"}
]