[{"stream_name":"stdout","time":0.930589021,"data":"\n"}
,{"stream_name":"stdout","time":0.930632871,"data":"$ pip install 'stable-worldmodel[train,format]==0.1.1' 'transformers\u003c5' 2\u003e\u00261 | tail -1; pip freeze | grep -iE 'stable-worldmodel|^torch==|transformers'   [t=0s]\n"}
,{"stream_name":"stdout","time":42.146830511,"data":"Successfully installed cattrs-26.2.1 decord-0.6.0 hdf5plugin-7.1.0 huggingface-hub-0.36.2 hydra-core-1.3.7 hydra-submitit-launcher-1.2.0 lance-namespace-0.11.1 lance-namespace-urllib3-client-0.11.1 lancedb-0.39.0 lightning-2.6.6 loguru-0.7.3 minari-0.5.4 pylance-12.0.0 requests-cache-1.3.3 richuru-0.1.1 scikit-learn-1.9.1 stable-pretraining-0.1.8 stable-worldmodel-0.1.1 submitit-1.5.4 tokenizers-0.22.2 transformers-4.57.6 url-normalize-3.0.1\n"}
,{"stream_name":"stdout","time":42.146888634,"data":"sentence-transformers==5.7.0\n"}
,{"stream_name":"stdout","time":42.146895298,"data":"stable-worldmodel==0.1.1\n"}
,{"stream_name":"stdout","time":42.146903643,"data":"torch==2.11.0+cu128\n"}
,{"stream_name":"stdout","time":42.14690829,"data":"transformers==4.57.6\n"}
,{"stream_name":"stdout","time":42.146915686,"data":"\n"}
,{"stream_name":"stdout","time":42.146920226,"data":"\n"}
,{"stream_name":"stdout","time":42.14692463,"data":"$ cp $(find /kaggle/input -name pilot_lib.py | head -1) /kaggle/working/pilot_lib.py; sha256sum /kaggle/working/pilot_lib.py  [t=41s]\n"}
,{"stream_name":"stdout","time":42.185339184,"data":"096dcbad729c085f4a680ffc5c1b574a4e8a69f4ff836434b5a20fe39ed6917d  /kaggle/working/pilot_lib.py\n"}
,{"stream_name":"stdout","time":42.185362708,"data":"\n"}
,{"stream_name":"stdout","time":42.185380021,"data":"\n"}
,{"stream_name":"stdout","time":42.185386153,"data":"$ python /kaggle/working/driver.py 2\u003e\u00261 | grep -v Warning  [t=41s]\n"}
,{"stream_name":"stdout","time":10276.949358512,"data":"seed 0: train episodes 9000, test episodes 1000\n"}
,{"stream_name":"stdout","time":10276.949436269,"data":"schedule: steps 3500 episodes per step 4\n"}
,{"stream_name":"stdout","time":10276.949444978,"data":"single {'P1': {'accessA': 0.0726, 'contentA': 0.0727, 'accessB': 1.6512, 'contentB': 1.6529}, 'P2': {'accessA': 1.5279, 'contentA': 1.5283, 'accessB': 0.0683, 'contentB': 0.0678}, 'P3': {'accessA': 0.0566, 'contentA': 0.0565, 'accessB': 1.6726, 'contentB': 1.6713}} P3 fresh 0.1689 302s\n"}
,{"stream_name":"stdout","time":10276.949451808,"data":"single_replay {'P1': {'accessA': 0.0649, 'contentA': 0.0646, 'accessB': 1.66, 'contentB': 1.6597}, 'P2': {'accessA': 0.1306, 'contentA': 0.1284, 'accessB': 0.08, 'contentB': 0.0809}, 'P3': {'accessA': 0.0718, 'contentA': 0.0713, 'accessB': 0.1051, 'contentB': 0.1043}} P3 fresh 0.1632 491s\n"}
,{"stream_name":"stdout","time":10276.949457413,"data":"bank_persistence {'P1': {'accessA': 0.1058, 'contentA': 0.1058, 'accessB': 1.6581, 'contentB': 1.038}, 'P2': {'accessA': 0.1277, 'contentA': 0.1048, 'accessB': 0.1146, 'contentB': 0.1094}, 'P3': {'accessA': 0.1091, 'contentA': 0.1058, 'accessB': 0.1362, 'contentB': 0.1096}} P3 fresh 0.1715 615s\n"}
,{"stream_name":"stdout","time":10276.94946304,"data":"bank_traces {'P1': {'accessA': 0.1058, 'contentA': 0.1058, 'accessB': 1.6581, 'contentB': 1.038}, 'P2': {'accessA': 0.1277, 'contentA': 0.1048, 'accessB': 0.1146, 'contentB': 0.1094}, 'P3': {'accessA': 0.1091, 'contentA': 0.1058, 'accessB': 0.1362, 'contentB': 0.1096}} P3 fresh 0.1715 638s\n"}
,{"stream_name":"stdout","time":10276.949470344,"data":"seed 1: train episodes 9000, test episodes 1000\n"}
,{"stream_name":"stdout","time":10276.949473558,"data":"schedule: steps 3500 episodes per step 4\n"}
,{"stream_name":"stdout","time":10276.949476704,"data":"single {'P1': {'accessA': 0.0632, 'contentA': 0.0637, 'accessB': 1.6943, 'contentB': 1.6933}, 'P2': {'accessA': 1.6712, 'contentA': 1.6713, 'accessB': 0.0534, 'contentB': 0.0539}, 'P3': {'accessA': 0.0522, 'contentA': 0.052, 'accessB': 1.6972, 'contentB': 1.6984}} P3 fresh 0.1574 301s\n"}
,{"stream_name":"stdout","time":10276.949491168,"data":"single_replay {'P1': {'accessA': 0.0574, 'contentA': 0.057, 'accessB': 1.6979, 'contentB': 1.698}, 'P2': {'accessA': 0.1161, 'contentA': 0.1149, 'accessB': 0.0729, 'contentB': 0.072}, 'P3': {'accessA': 0.0689, 'contentA': 0.0685, 'accessB': 0.1017, 'contentB': 0.104}} P3 fresh 0.1669 494s\n"}
,{"stream_name":"stdout","time":10276.949495716,"data":"bank_persistence {'P1': {'accessA': 0.1054, 'contentA': 0.1053, 'accessB': 1.6561, 'contentB': 1.0422}, 'P2': {'accessA': 0.1293, 'contentA': 0.1051, 'accessB': 0.1131, 'contentB': 0.1048}, 'P3': {'accessA': 0.1062, 'contentA': 0.1043, 'accessB': 0.1344, 'contentB': 0.1052}} P3 fresh 0.1611 608s\n"}
,{"stream_name":"stdout","time":10276.949498912,"data":"bank_traces {'P1': {'accessA': 0.1054, 'contentA': 0.1053, 'accessB': 1.6561, 'contentB': 1.0422}, 'P2': {'accessA': 0.1293, 'contentA': 0.1051, 'accessB': 0.1131, 'contentB': 0.1048}, 'P3': {'accessA': 0.1062, 'contentA': 0.1043, 'accessB': 0.1344, 'contentB': 0.1052}} P3 fresh 0.1611 628s\n"}
,{"stream_name":"stdout","time":10276.949518146,"data":"seed 2: train episodes 9000, test episodes 1000\n"}
,{"stream_name":"stdout","time":10276.949522686,"data":"schedule: steps 3500 episodes per step 4\n"}
,{"stream_name":"stdout","time":10276.949526896,"data":"single {'P1': {'accessA': 0.075, 'contentA': 0.0761, 'accessB': 1.6639, 'contentB': 1.6629}, 'P2': {'accessA': 1.6232, 'contentA': 1.6238, 'accessB': 0.0628, 'contentB': 0.0629}, 'P3': {'accessA': 0.0631, 'contentA': 0.0629, 'accessB': 1.6695, 'contentB': 1.6705}} P3 fresh 0.1796 301s\n"}
,{"stream_name":"stdout","time":10276.949531955,"data":"single_replay {'P1': {'accessA': 0.0705, 'contentA': 0.0708, 'accessB': 1.6553, 'contentB': 1.6539}, 'P2': {'accessA': 0.142, 'contentA': 0.1396, 'accessB': 0.0855, 'contentB': 0.0854}, 'P3': {'accessA': 0.0785, 'contentA': 0.0781, 'accessB': 0.1099, 'contentB': 0.1106}} P3 fresh 0.1665 491s\n"}
,{"stream_name":"stdout","time":10276.949536538,"data":"bank_persistence {'P1': {'accessA': 0.1215, 'contentA': 0.1213, 'accessB': 1.6343, 'contentB': 1.0263}, 'P2': {'accessA': 0.1442, 'contentA': 0.1205, 'accessB': 0.1195, 'contentB': 0.1145}, 'P3': {'accessA': 0.1249, 'contentA': 0.1207, 'accessB': 0.1421, 'contentB': 0.1132}} P3 fresh 0.1589 612s\n"}
,{"stream_name":"stdout","time":10276.94954094,"data":"bank_traces {'P1': {'accessA': 0.1215, 'contentA': 0.1213, 'accessB': 1.6343, 'contentB': 1.0263}, 'P2': {'accessA': 0.1442, 'contentA': 0.1205, 'accessB': 0.1195, 'contentB': 0.1145}, 'P3': {'accessA': 0.1249, 'contentA': 0.1207, 'accessB': 0.1421, 'contentB': 0.1132}} P3 fresh 0.1589 631s\n"}
,{"stream_name":"stdout","time":10276.949545279,"data":"seed 3: train episodes 9000, test episodes 1000\n"}
,{"stream_name":"stdout","time":10276.949548817,"data":"schedule: steps 3500 episodes per step 4\n"}
,{"stream_name":"stdout","time":10276.94955285,"data":"single {'P1': {'accessA': 0.0643, 'contentA': 0.0644, 'accessB': 1.6466, 'contentB': 1.6479}, 'P2': {'accessA': 1.5808, 'contentA': 1.5818, 'accessB': 0.0638, 'contentB': 0.0631}, 'P3': {'accessA': 0.0582, 'contentA': 0.058, 'accessB': 1.6609, 'contentB': 1.6597}} P3 fresh 0.1572 300s\n"}
,{"stream_name":"stdout","time":10276.949557232,"data":"single_replay {'P1': {'accessA': 0.0626, 'contentA': 0.0623, 'accessB': 1.6373, 'contentB': 1.6374}, 'P2': {'accessA': 0.1214, 'contentA': 0.1225, 'accessB': 0.0806, 'contentB': 0.0806}, 'P3': {'accessA': 0.0678, 'contentA': 0.0675, 'accessB': 0.1057, 'contentB': 0.1053}} P3 fresh 0.1475 490s\n"}
,{"stream_name":"stdout","time":10276.949561514,"data":"bank_persistence {'P1': {'accessA': 0.1026, 'contentA': 0.1022, 'accessB': 1.6191, 'contentB': 1.0252}, 'P2': {'accessA': 0.1251, 'contentA': 0.1011, 'accessB': 0.1174, 'contentB': 0.1112}, 'P3': {'accessA': 0.1058, 'contentA': 0.1024, 'accessB': 0.1399, 'contentB': 0.1111}} P3 fresh 0.1582 606s\n"}
,{"stream_name":"stdout","time":10276.94957055,"data":"bank_traces {'P1': {'accessA': 0.1026, 'contentA': 0.1022, 'accessB': 1.6191, 'contentB': 1.0252}, 'P2': {'accessA': 0.1251, 'contentA': 0.1011, 'accessB': 0.1174, 'contentB': 0.1112}, 'P3': {'accessA': 0.1058, 'contentA': 0.1024, 'accessB': 0.1399, 'contentB': 0.1111}} P3 fresh 0.1582 627s\n"}
,{"stream_name":"stdout","time":10276.94957508,"data":"seed 4: train episodes 9000, test episodes 1000\n"}
,{"stream_name":"stdout","time":10276.94957889,"data":"schedule: steps 3500 episodes per step 4\n"}
,{"stream_name":"stdout","time":10276.949582502,"data":"single {'P1': {'accessA': 0.0739, 'contentA': 0.074, 'accessB': 1.6899, 'contentB': 1.6872}, 'P2': {'accessA': 1.6109, 'contentA': 1.6105, 'accessB': 0.0644, 'contentB': 0.0638}, 'P3': {'accessA': 0.0609, 'contentA': 0.0606, 'accessB': 1.6806, 'contentB': 1.68}} P3 fresh 0.1784 300s\n"}
,{"stream_name":"stdout","time":10276.94958952,"data":"single_replay {'P1': {'accessA': 0.0667, 'contentA': 0.0661, 'accessB': 1.6736, 'contentB': 1.674}, 'P2': {'accessA': 0.1473, 'contentA': 0.1486, 'accessB': 0.08, 'contentB': 0.0809}, 'P3': {'accessA': 0.073, 'contentA': 0.0728, 'accessB': 0.113, 'contentB': 0.1119}} P3 fresh 0.1851 491s\n"}
,{"stream_name":"stdout","time":10276.949592267,"data":"bank_persistence {'P1': {'accessA': 0.1055, 'contentA': 0.1058, 'accessB': 1.6628, 'contentB': 1.0437}, 'P2': {'accessA': 0.1324, 'contentA': 0.1053, 'accessB': 0.1167, 'contentB': 0.1109}, 'P3': {'accessA': 0.111, 'contentA': 0.1051, 'accessB': 0.1379, 'contentB': 0.1104}} P3 fresh 0.1665 618s\n"}
,{"stream_name":"stdout","time":10276.94959552,"data":"bank_traces {'P1': {'accessA': 0.1055, 'contentA': 0.1058, 'accessB': 1.6628, 'contentB': 1.0437}, 'P2': {'accessA': 0.1324, 'contentA': 0.1053, 'accessB': 0.1167, 'contentB': 0.1109}, 'P3': {'accessA': 0.111, 'contentA': 0.1051, 'accessB': 0.1379, 'contentB': 0.1104}} P3 fresh 0.1665 648s\n"}
,{"stream_name":"stdout","time":10276.949598318,"data":"\n"}
,{"stream_name":"stdout","time":10276.949614245,"data":"\n"}
,{"stream_name":"stdout","time":10276.949618399,"data":"$ rm -f /kaggle/working/driver.py; ls -la /kaggle/working/*.jsonl  [t=10276s]\n"}
,{"stream_name":"stdout","time":10276.96409958,"data":"-rw-r--r-- 1 root root 167458 Oct  5 09:46 /kaggle/working/pilot_pilot.jsonl\n"}
,{"stream_name":"stdout","time":10276.964138054,"data":"\n"}
,{"stream_name":"stdout","time":10276.964143309,"data":"\n"}
,{"stream_name":"stdout","time":10276.964146737,"data":"TOTAL 10276s\n"}
,{"stream_name":"stderr","time":10279.142967716,"data":"/usr/local/lib/python3.13/dist-packages/mistune.py:435: SyntaxWarning: invalid escape sequence '\\|'\n"}
,{"stream_name":"stderr","time":10279.143012773,"data":"  cells[i][c] = re.sub('\\\\\\\\\\|', '|', cell)\n"}
,{"stream_name":"stderr","time":10279.458681498,"data":"/usr/local/lib/python3.13/dist-packages/nbconvert/filters/filter_links.py:36: SyntaxWarning: invalid escape sequence '\\_'\n"}
,{"stream_name":"stderr","time":10279.458709897,"data":"  text = re.sub(r'_', '\\_', text) # Escape underscores in display text\n"}
,{"stream_name":"stderr","time":10280.304685782,"data":"[NbConvertApp] Converting notebook __script__.ipynb to html\n"}
,{"stream_name":"stderr","time":10281.41028496,"data":"[NbConvertApp] Writing 282829 bytes to __results__.html\n"}
]